C:\Users\Nishi\Desktop\Heritix\Heritix-An-AI-powered-cultural-preservation-platform\backend\test_db_connection.py:8: DeprecationWarning: 'asyncio.WindowsSelectorEventLoopPolicy' is deprecated and slated for removal in Python 3.16
  asyncio.set_event_loop_policy(asyncio.WindowsSelectorEventLoopPolicy())
C:\Users\Nishi\Desktop\Heritix\Heritix-An-AI-powered-cultural-preservation-platform\backend\test_db_connection.py:8: DeprecationWarning: 'asyncio.set_event_loop_policy' is deprecated and slated for removal in Python 3.16
  asyncio.set_event_loop_policy(asyncio.WindowsSelectorEventLoopPolicy())
Testing connection to: mongodb+srv://ns9445439:ns9445439@cluster0.2zqtt8g.mongodb.net/?retryWrites=true&w=majority
Database: heritix_db
Connected to MongoDB

[ERROR] Connection Error: ac-chdj7bv-shard-00-01.2zqtt8g.mongodb.net:27017: timed out (configured timeouts: socketTimeoutMS: 20000.0ms, connectTimeoutMS: 20000.0ms),ac-chdj7bv-shard-00-00.2zqtt8g.mongodb.net:27017: timed out (configured timeouts: socketTimeoutMS: 20000.0ms, connectTimeoutMS: 20000.0ms),ac-chdj7bv-shard-00-02.2zqtt8g.mongodb.net:27017: timed out (configured timeouts: socketTimeoutMS: 20000.0ms, connectTimeoutMS: 20000.0ms), Timeout: 30s, Topology Description: <TopologyDescription id: 69841ed9cd72f887ec0fa480, topology_type: ReplicaSetNoPrimary, servers: [<ServerDescription ('ac-chdj7bv-shard-00-00.2zqtt8g.mongodb.net', 27017) server_type: Unknown, rtt: None, error=NetworkTimeout('ac-chdj7bv-shard-00-00.2zqtt8g.mongodb.net:27017: timed out (configured timeouts: socketTimeoutMS: 20000.0ms, connectTimeoutMS: 20000.0ms)')>, <ServerDescription ('ac-chdj7bv-shard-00-01.2zqtt8g.mongodb.net', 27017) server_type: Unknown, rtt: None, error=NetworkTimeout('ac-chdj7bv-shard-00-01.2zqtt8g.mongodb.net:27017: timed out (configured timeouts: socketTimeoutMS: 20000.0ms, connectTimeoutMS: 20000.0ms)')>, <ServerDescription ('ac-chdj7bv-shard-00-02.2zqtt8g.mongodb.net', 27017) server_type: Unknown, rtt: None, error=NetworkTimeout('ac-chdj7bv-shard-00-02.2zqtt8g.mongodb.net:27017: timed out (configured timeouts: socketTimeoutMS: 20000.0ms, connectTimeoutMS: 20000.0ms)')>]>
